<!DOCTYPE html>
<html lang="en">

<head>
    <meta charset="UTF-8">
    <meta name="viewport" content="width=device-width, initial-scale=1.0">
    <meta http-equiv="X-UA-Compatible" content="ie=edge">
    <title>Document</title>
</head>

<body>
    <script src="some.js" defer></script>
    <script async src="some.js"></script>
    <script defer src="some.js"></script>
    <script>console.log('my script')</script>

    <div>hello</div>

    <script src="../test/hello/starwars.js" defer></script>
</body>

</html>